{
  "created": "2025-09-02T21:50:23.453",
  "method": "QMEANDisCo",
  "models": {
    "model_001": {
      "chains": {
        "H": {
          "atomseq": "QVQLVQSGVEVKKPGASVKVSCKASGYTFTNYYMYWVRQAPGQGLEWMGGINPSNGGTNFNEKFKNRVTLTTDSSTTTAYMELKSLQFDDTAVYYCARRDYRFDMGFDYWGQGTTVTVSS",
          "name": "seq_chain_0",
          "seqres": "QVQLVQSGVEVKKPGASVKVSCKASGYTFTNYYMYWVRQAPGQGLEWMGGINPSNGGTNFNEKFKNRVTLTTDSSTTTAYMELKSLQFDDTAVYYCARRDYRFDMGFDYWGQGTTVTVSS"
        },
        "L": {
          "atomseq": "EIVLTQSPATLSLSPGERATLSCRASKGVSTSGYSYLHWYQQKPGQAPRLLIYLASYLESGVPARFSGSGSGTDFTLTISSLEPEDFAVYYCQHSRDLPLTFGGGTKVEIK",
          "name": "seq_chain_1",
          "seqres": "EIVLTQSPATLSLSPGERATLSCRASKGVSTSGYSYLHWYQQKPGQAPRLLIYLASYLESGVPARFSGSGSGTDFTLTISSLEPEDFAVYYCQHSRDLPLTFGGGTKVEIK"
        }
      },
      "model_pdb": "https://swissmodel.expasy.org/qmean/yXXxCT/model_001_processed.pdb",
      "original_name": "pembrolizumab_abb2.pdb",
      "preprocessing": {
        "atomsRemoved": 346,
        "molck_log": "removing atoms with zero occupancy\n --> removed 0 atoms with zero occupancy\nremoving hydrogen atoms\n --> removed 346 hydrogen atoms\n",
        "residuesRemoved": 0
      },
      "scores": {
        "global_scores": {
          "acc_agreement_norm_score": 0.6493506493506493,
          "acc_agreement_z_score": -0.28420270790848445,
          "avg_local_score": 0.8502413850908537,
          "avg_local_score_error": 0.055,
          "cbeta_norm_score": -0.009106881232850694,
          "cbeta_z_score": -1.0701632139270236,
          "interaction_norm_score": -0.026916403725483408,
          "interaction_z_score": 0.4922041041745471,
          "packing_norm_score": -0.26336609956393126,
          "packing_z_score": -1.7079252560120697,
          "qmean4_norm_score": 0.7870565665514284,
          "qmean4_z_score": 0.20948714668269014,
          "qmean6_norm_score": 0.8050992665430695,
          "qmean6_z_score": 0.5320775508568109,
          "ss_agreement_norm_score": 0.7998008430810459,
          "ss_agreement_z_score": 1.1013650082018724,
          "torsion_norm_score": -0.4530792675795312,
          "torsion_z_score": 1.0466309039140989
        },
        "local_scores": {
          "H": [
            0.7214442626012836,
            0.7836710015693334,
            0.8299483212872301,
            0.9059146673482034,
            0.9417181270670877,
            0.897697069102611,
            0.9264922702085898,
            0.8785327060096543,
            0.8543746368023919,
            0.818792872694219,
            0.8795026223264635,
            0.8331575180992687,
            0.834332663681991,
            0.8924857353770891,
            0.914273478799978,
            0.9111144823620756,
            0.8986128386683524,
            0.9081518724907487,
            0.8875819101075277,
            0.945395721636217,
            0.9528317800802731,
            0.9395123454536277,
            0.8782253396794115,
            0.9047058888761841,
            0.8637908008579136,
            0.8569623171923554,
            0.7813496614084188,
            0.7771285915770209,
            0.8194428724906355,
            0.7858819505792395,
            0.7390120116004394,
            0.7615574727862358,
            0.8183340918127723,
            0.864342024286439,
            0.8736858273824625,
            0.9065676442897508,
            0.9583806422937466,
            0.8462912752591107,
            0.8697977507734264,
            0.9103115993992353,
            0.8477816225348459,
            0.8339284395792381,
            0.793057116661658,
            0.8679505737549807,
            0.8760782216176505,
            0.8724468900881374,
            0.8892968163284014,
            0.8971667539383253,
            0.9108752193139893,
            0.8904950782141513,
            0.8609225976462634,
            0.8274889268139316,
            0.8231008922640579,
            0.7989776727100943,
            0.7895079813914182,
            0.8520162361723957,
            0.8678349201269402,
            0.8650981320418744,
            0.8313719104754802,
            0.8692670203796049,
            0.8602756051855811,
            0.8290001987891714,
            0.8104726890970833,
            0.8482420099684544,
            0.785175445628319,
            0.8375281942583989,
            0.7997697271040474,
            0.9081100508349244,
            0.9029967159587576,
            0.9089106446979456,
            0.8928045797730817,
            0.8681903644216978,
            0.840364630050168,
            0.8240519123128733,
            0.776751482169027,
            0.8076734180390379,
            0.8465975599826996,
            0.8891434302619439,
            0.9323883412724161,
            0.9062036088469051,
            0.9074734367561407,
            0.8834760528484145,
            0.9004194351026434,
            0.8624176603406952,
            0.8955307463439589,
            0.8807326267563479,
            0.8192081747557488,
            0.8402968285191642,
            0.8368017095207791,
            0.8648415441546203,
            0.895052652765562,
            0.9403400805360294,
            0.9438710167052615,
            0.9290447878160455,
            0.9384139542909086,
            0.9480731161295577,
            0.9299339509845873,
            0.767116512754691,
            0.6760124210994811,
            0.5933990000115383,
            0.5043724877609146,
            0.4406469325468823,
            0.4796001092277994,
            0.550992185457762,
            0.5587875767912299,
            0.7010013813433074,
            0.7721187651384642,
            0.7343899319253735,
            0.8341092649989187,
            0.8592010116122442,
            0.9448637281321943,
            0.8786719104064353,
            0.9471145939131398,
            0.9152038924976947,
            0.8983237213794488,
            0.9109998990099023,
            0.8907639863896585,
            0.8832520982134587,
            0.7993962921273867,
            0.7124715463149933
          ],
          "L": [
            0.6919070992354488,
            0.8030914845213909,
            0.8778352777695568,
            0.8842776690072478,
            0.897119916126329,
            0.8780216690976478,
            0.9052007436073465,
            0.8989992574176084,
            0.9024207711543202,
            0.8664930685932086,
            0.8652205027075619,
            0.8615401259597936,
            0.8445885152185497,
            0.8648657442317286,
            0.8642560538559207,
            0.9010119677372168,
            0.8301831438713485,
            0.8036929626729301,
            0.9113015883036666,
            0.9206770284403584,
            0.9298842754331964,
            0.9527497708067044,
            0.930900160627226,
            0.8301226072361725,
            0.8921649663506321,
            0.8526520713948197,
            0.7702495267053879,
            0.820335006510359,
            0.8009192829798288,
            0.7965492998788007,
            0.70403927316763,
            0.6069263704665613,
            0.6508716818388497,
            0.6319487640864825,
            0.8015899063755856,
            0.7843094095011167,
            0.8507804755386429,
            0.8765583510402896,
            0.885374230787227,
            0.9124443488553328,
            0.8752851223270995,
            0.8574615584672465,
            0.8493107306101353,
            0.8243492550402096,
            0.8469732847566487,
            0.8002206011851748,
            0.8789407009850063,
            0.8769671542330261,
            0.8150759692812857,
            0.8985592757731133,
            0.9112835563697946,
            0.883039753758512,
            0.834721236382167,
            0.8357678827055622,
            0.8930067553394923,
            0.8680607619536577,
            0.8504453285398811,
            0.8744028182147473,
            0.8523259473254047,
            0.8691165947194379,
            0.8876647070449448,
            0.9018323290017699,
            0.9080186984039833,
            0.9048965685006182,
            0.8452179931220628,
            0.9191711586350838,
            0.9145330494004138,
            0.923138640731412,
            0.9126657828873042,
            0.9087069541118544,
            0.8367736594079637,
            0.8365177741916907,
            0.8354840943066104,
            0.8786685950521207,
            0.9107768927389804,
            0.9330187475808901,
            0.9224575996983065,
            0.9252469314135721,
            0.9153402488556355,
            0.8920560064806559,
            0.878297073477185,
            0.8808628642189439,
            0.842577729803308,
            0.8636868347213725,
            0.8360961954635617,
            0.8808261278725678,
            0.8549240540291934,
            0.9229918570857063,
            0.9412899340796238,
            0.9236174222682035,
            0.926105928493742,
            0.927106609203497,
            0.8576174993475262,
            0.8256604107322603,
            0.7979994210085408,
            0.6867897900194075,
            0.7407165460865481,
            0.7649853338080714,
            0.828095942383366,
            0.8443482223860334,
            0.8879005723312748,
            0.9004548892649925,
            0.9282373482942713,
            0.9158276561821664,
            0.9294480919557409,
            0.9149809787249252,
            0.8674671836150591,
            0.9010014272517878,
            0.8187863054833352,
            0.7601860781787843,
            0.7159412191682413
          ]
        }
      }
    }
  },
  "qmean_version": "4.5.0",
  "results_page": "https://swissmodel.expasy.org/qmean/yXXxCT",
  "seqres_uploaded": null,
  "smtl_version": "2025-08-27",
  "status": "COMPLETED"
}
